{
  "createdAt": 1,
  "info": [
    {
      "title": "THE IDOLM@STER SHINY COLORS Song for Prism 裸足じゃイラレナイ / 明日もBeautiful Day【放課後クライマックスガールズ盤】",
      "recordNumbers": [
        "LACM-24475"
      ],
      "releaseDate": "2024-01-24",
      "jacketUrl": "https://shinycolors.lantis.jp/X9pa5jNY/wp-content/uploads/2023/11/LACM-24475.jpg",
      "limited": false,
      "series": "Song for Prism",
      "artist": "放課後クライマックスガールズ / アルストロメリア"
    },
    {
      "title": "THE IDOLM@STER SHINY COLORS Song for Prism 裸足じゃイラレナイ / 明日もBeautiful Day【アルストロメリア盤】",
      "recordNumbers": [
        "LACM-24476"
      ],
      "releaseDate": "2024-01-24",
      "jacketUrl": "https://shinycolors.lantis.jp/X9pa5jNY/wp-content/uploads/2023/11/LACM-24476.jpg",
      "limited": false,
      "series": "Song for Prism",
      "artist": "放課後クライマックスガールズ / アルストロメリア"
    },
    {
      "title": "THE IDOLM@STER SHINY COLORS “CANVAS” 03",
      "recordNumbers": [
        "LACM-24363"
      ],
      "releaseDate": "2023-06-14",
      "jacketUrl": "https://shinycolors.lantis.jp/X9pa5jNY/wp-content/uploads/2022/12/LACM-24363.jpg",
      "limited": false,
      "series": "CANVAS",
      "artist": "放課後クライマックスガールズ"
    },
    {
      "title": "THE IDOLM@STER SHINY COLORS “CANVAS” 06",
      "recordNumbers": [
        "LACM-24366"
      ],
      "releaseDate": "2023-09-13",
      "jacketUrl": "https://shinycolors.lantis.jp/X9pa5jNY/wp-content/uploads/2023/08/LACM-24366.jpg",
      "limited": false,
      "series": "CANVAS",
      "artist": "ノクチル"
    },
    {
      "title": "THE IDOLM@STER SHINY COLORS “CANVAS” 05",
      "recordNumbers": [
        "LACM-24365"
      ],
      "releaseDate": "2023-08-09",
      "jacketUrl": "https://shinycolors.lantis.jp/X9pa5jNY/wp-content/uploads/2023/07/LACM-24365.jpg",
      "limited": false,
      "series": "CANVAS",
      "artist": "ストレイライト"
    },
    {
      "title": "THE IDOLM@STER SHINY COLORS Song for Prism 星の声",
      "recordNumbers": [
        "LACM-24437"
      ],
      "releaseDate": "2023-10-18",
      "jacketUrl": "https://shinycolors.lantis.jp/X9pa5jNY/wp-content/uploads/2023/07/LACM-24437.jpg",
      "limited": false,
      "series": "Song for Prism",
      "artist": "シャイニーカラーズ"
    },
    {
      "title": "THE IDOLM@STER SHINY COLORS Song for Prism Happier / 枕木の歌 【シーズ盤】",
      "recordNumbers": [
        "LACM-24528"
      ],
      "releaseDate": "2024-05-22",
      "jacketUrl": "https://shinycolors.lantis.jp/X9pa5jNY/wp-content/uploads/2024/03/LACM-24528.jpg",
      "limited": false,
      "series": "Song for Prism",
      "artist": "シーズ / イルミネーションスターズ"
    },
    {
      "title": "THE IDOLM@STER SHINY COLORS Song for Prism Happier / 枕木の歌 【イルミネーションスターズ盤】",
      "recordNumbers": [
        "LACM-24529"
      ],
      "releaseDate": "2024-05-22",
      "jacketUrl": "https://shinycolors.lantis.jp/X9pa5jNY/wp-content/uploads/2024/03/LACM-24529.jpg",
      "limited": false,
      "series": "Song for Prism",
      "artist": "シーズ / イルミネーションスターズ"
    },
    {
      "title": "THE IDOLM@STER SHINY COLORS Song for Prism After Run / mellow mellow 【シーズ盤】",
      "recordNumbers": [
        "LACM-24609"
      ],
      "releaseDate": "2024-09-25",
      "jacketUrl": "https://shinycolors.lantis.jp/X9pa5jNY/wp-content/uploads/2024/07/LACM-24609.jpg",
      "limited": false,
      "series": "Song for Prism",
      "artist": "シーズ / アルストロメリア"
    },
    {
      "title": "THE IDOLM@STER SHINY COLORS Song for Prism After Run / mellow mellow 【アルストロメリア盤】",
      "recordNumbers": [
        "LACM-24610"
      ],
      "releaseDate": "2024-09-25",
      "jacketUrl": "https://shinycolors.lantis.jp/X9pa5jNY/wp-content/uploads/2024/07/LACM-24610.jpg",
      "limited": false,
      "series": "Song for Prism",
      "artist": "シーズ / アルストロメリア"
    },
    {
      "title": "THE IDOLM@STER SHINY COLORS “CANVAS” 07",
      "recordNumbers": [
        "LACM-24367"
      ],
      "releaseDate": "2023-10-11",
      "jacketUrl": "https://shinycolors.lantis.jp/X9pa5jNY/wp-content/uploads/2023/09/LACM-24367.jpg",
      "limited": false,
      "series": "CANVAS",
      "artist": "シーズ"
    },
    {
      "title": "THE IDOLM@STER SHINY COLORS Song for Prism ハナムケのハナタバ / 青空 【コメティック盤】",
      "recordNumbers": [
        "LACM-24525"
      ],
      "releaseDate": "2024-04-03",
      "jacketUrl": "https://shinycolors.lantis.jp/X9pa5jNY/wp-content/uploads/2024/01/LACM-24525.jpg",
      "limited": false,
      "series": "Song for Prism",
      "artist": "コメティック / ノクチル"
    },
    {
      "title": "THE IDOLM@STER SHINY COLORS Song for Prism ハナムケのハナタバ / 青空 【ノクチル盤】",
      "recordNumbers": [
        "LACM-24526"
      ],
      "releaseDate": "2024-04-03",
      "jacketUrl": "https://shinycolors.lantis.jp/X9pa5jNY/wp-content/uploads/2024/01/LACM-24526.jpg",
      "limited": false,
      "series": "Song for Prism",
      "artist": "コメティック / ノクチル"
    },
    {
      "title": "THE IDOLM@STER SHINY COLORS Song for Prism Heads or Tails / グッバイ 【コメティック盤】",
      "recordNumbers": [
        "LACM-24628"
      ],
      "releaseDate": "2024-11-27",
      "jacketUrl": "https://shinycolors.lantis.jp/X9pa5jNY/wp-content/uploads/2024/09/LACM-24628.jpg",
      "limited": false,
      "series": "Song for Prism",
      "artist": "コメティック / ノクチル"
    },
    {
      "title": "THE IDOLM@STER SHINY COLORS Song for Prism Heads or Tails / グッバイ 【ノクチル盤】",
      "recordNumbers": [
        "LACM-24629"
      ],
      "releaseDate": "2024-11-27",
      "jacketUrl": "https://shinycolors.lantis.jp/X9pa5jNY/wp-content/uploads/2024/09/LACM-24629.jpg",
      "limited": false,
      "series": "Song for Prism",
      "artist": "コメティック / ノクチル"
    },
    {
      "title": "THE IDOLM@STER SHINY COLORS “CANVAS” 08",
      "recordNumbers": [
        "LACM-24368"
      ],
      "releaseDate": "2023-11-08",
      "jacketUrl": "https://shinycolors.lantis.jp/X9pa5jNY/wp-content/uploads/2023/10/LACM-24368.jpg",
      "limited": false,
      "series": "CANVAS",
      "artist": "コメティック"
    },
    {
      "title": "THE IDOLM@STER SHINY COLORS “CANVAS” 01",
      "recordNumbers": [
        "LACM-24361"
      ],
      "releaseDate": "2023-04-12",
      "jacketUrl": "https://shinycolors.lantis.jp/X9pa5jNY/wp-content/uploads/2022/12/LACM-24361.jpg",
      "limited": false,
      "series": "CANVAS",
      "artist": "イルミネーションスターズ"
    },
    {
      "title": "THE IDOLM@STER SHINY COLORS Song for Prism 時限式狂騒ワンダーランド / LINKs 【アンティーカ盤】",
      "recordNumbers": [
        "LACM-24552"
      ],
      "releaseDate": "2024-07-24",
      "jacketUrl": "https://shinycolors.lantis.jp/X9pa5jNY/wp-content/uploads/2024/05/LACM-24552.jpg",
      "limited": false,
      "series": "Song for Prism",
      "artist": "アンティーカ / ストレイライト"
    },
    {
      "title": "THE IDOLM@STER SHINY COLORS Song for Prism 時限式狂騒ワンダーランド / LINKs 【ストレイライト盤】",
      "recordNumbers": [
        "LACM-24553"
      ],
      "releaseDate": "2024-07-24",
      "jacketUrl": "https://shinycolors.lantis.jp/X9pa5jNY/wp-content/uploads/2024/05/LACM-24553.jpg",
      "limited": false,
      "series": "Song for Prism",
      "artist": "アンティーカ / ストレイライト"
    },
    {
      "title": "THE IDOLM@STER SHINY COLORS “CANVAS” 02",
      "recordNumbers": [
        "LACM-24362"
      ],
      "releaseDate": "2023-05-10",
      "jacketUrl": "https://shinycolors.lantis.jp/X9pa5jNY/wp-content/uploads/2023/04/LACM-24362.jpg",
      "limited": false,
      "series": "CANVAS",
      "artist": "アンティーカ"
    },
    {
      "title": "THE IDOLM@STER SHINY COLORS “CANVAS” 04",
      "recordNumbers": [
        "LACM-24364"
      ],
      "releaseDate": "2023-07-12",
      "jacketUrl": "https://shinycolors.lantis.jp/X9pa5jNY/wp-content/uploads/2023/06/LACM-24364.jpg",
      "limited": false,
      "series": "CANVAS",
      "artist": "アルストロメリア"
    },
    {
      "title": "THE IDOLM@STER SHINY COLORS Song for Prism ニューアルバム",
      "recordNumbers": [
        "LACA-25133"
      ],
      "releaseDate": "2024-11-20",
      "jacketUrl": "https://shinycolors.lantis.jp/X9pa5jNY/wp-content/uploads/2024/08/LACA-25133-1.jpg",
      "limited": false,
      "series": "Song for Prism",
      "artist": "THE IDOLM@STER SHINY COLORS"
    }
  ]
}
