{
  "createdAt": 1,
  "info": [
    {
      "title": "THE IDOLM@STER SHINY COLORS SOLO COLLECTION -5thLIVE If I_wings. part1-",
      "recordNumbers": [
        "LACZ-10141",
        "LACZ-10142"
      ],
      "releaseDate": "2023-03-18",
      "cdInfoPageUrl": "https://shinycolors.lantis.jp/releaseinfo/lacz-10141_2/",
      "jacketUrl": "https://shinycolors.lantis.jp/X9pa5jNY/wp-content/uploads/2023/03/LACZ-10141_2.jpg",
      "limited": true,
      "series": "SOLO COLLECTION",
      "artist": "シャイニーカラーズ"
    },
    {
      "title": "THE IDOLM@STER SHINY COLORS ECHOES 01",
      "recordNumbers": [
        "LACM-24541"
      ],
      "releaseDate": "2025-01-22",
      "jacketUrl": "/images/nowprinting.jpg",
      "limited": false,
      "series": "ECHOES",
      "artist": "イルミネーションスターズ"
    },
    {
      "title": "THE IDOLM@STER SHINY COLORS Song for Prism Happier / 枕木の歌 【イルミネーションスターズ盤】",
      "recordNumbers": [
        "LACM-24529"
      ],
      "releaseDate": "2024-05-22",
      "jacketUrl": "https://shinycolors.lantis.jp/X9pa5jNY/wp-content/uploads/2024/03/LACM-24529.jpg",
      "limited": false,
      "series": "Song for Prism",
      "artist": "シーズ / イルミネーションスターズ"
    },
    {
      "title": "THE IDOLM@STER SHINY COLORS Song for Prism Happier / 枕木の歌 【シーズ盤】",
      "recordNumbers": [
        "LACM-24528"
      ],
      "releaseDate": "2024-05-22",
      "jacketUrl": "https://shinycolors.lantis.jp/X9pa5jNY/wp-content/uploads/2024/03/LACM-24528.jpg",
      "limited": false,
      "series": "Song for Prism",
      "artist": "シーズ / イルミネーションスターズ"
    },
    {
      "title": "THE IDOLM@STER SHINY COLORS “CANVAS” 01",
      "recordNumbers": [
        "LACM-24361"
      ],
      "releaseDate": "2023-04-12",
      "jacketUrl": "https://shinycolors.lantis.jp/X9pa5jNY/wp-content/uploads/2022/12/LACM-24361.jpg",
      "limited": false,
      "series": "CANVAS",
      "artist": "イルミネーションスターズ"
    },
    {
      "title": "THE IDOLM@STER SHINY COLORS PANOR@MA WING 02",
      "recordNumbers": [
        "LACM-24252"
      ],
      "releaseDate": "2022-05-11",
      "jacketUrl": "https://shinycolors.lantis.jp/X9pa5jNY/wp-content/uploads/2021/12/LACM-24252.jpg",
      "limited": false,
      "series": "PANOR@MA WING",
      "artist": "イルミネーションスターズ"
    },
    {
      "title": "THE IDOLM@STER SHINY COLORS Synthe-Side 03",
      "recordNumbers": [
        "LACM-24246"
      ],
      "releaseDate": "2022-04-23",
      "jacketUrl": "https://shinycolors.lantis.jp/X9pa5jNY/wp-content/uploads/2022/01/LACM-24246.jpg",
      "limited": false,
      "series": "Synthe-Side",
      "artist": "イルミネーションスターズ×アルストロメリア×シーズ"
    },
    {
      "title": "THE IDOLM@STER SHINY COLORS L@YERED WING 02",
      "recordNumbers": [
        "LACM-24112"
      ],
      "releaseDate": "2021-05-19",
      "jacketUrl": "https://shinycolors.lantis.jp/X9pa5jNY/wp-content/uploads/2021/12/LACM-24112.jpg",
      "limited": false,
      "series": "L@YERED WING",
      "artist": "イルミネーションスターズ"
    },
    {
      "title": "THE IDOLM@STER SHINY COLORS GR@DATE WING 02",
      "recordNumbers": [
        "LACM-14983"
      ],
      "releaseDate": "2020-10-14",
      "jacketUrl": "https://shinycolors.lantis.jp/X9pa5jNY/wp-content/uploads/2021/12/LACM-14983.jpg",
      "limited": false,
      "series": "GR@DATE WING",
      "artist": "イルミネーションスターズ"
    },
    {
      "title": "THE IDOLM@STER SHINY COLORS FR@GMENT WING 02",
      "recordNumbers": [
        "LACM-14862"
      ],
      "releaseDate": "2019-05-08",
      "jacketUrl": "https://shinycolors.lantis.jp/X9pa5jNY/wp-content/uploads/2021/12/LACM-14862.jpg",
      "limited": false,
      "series": "FR@GMENT WING",
      "artist": "イルミネーションスターズ"
    },
    {
      "title": "THE IDOLM@STER SHINY COLORS BRILLI@NT WING 02 ヒカリのdestination",
      "recordNumbers": [
        "LACM-14782"
      ],
      "releaseDate": "2018-07-04",
      "jacketUrl": "https://shinycolors.lantis.jp/X9pa5jNY/wp-content/uploads/2021/12/LACM-14782.jpg",
      "limited": false,
      "series": "BRILLI@NT WING",
      "artist": "イルミネーションスターズ"
    },
    {
      "title": "THE IDOLM@STER SHINY COLORS WING COLLECTION -A side-",
      "recordNumbers": [
        "LACA-9946",
        "LACA-9947"
      ],
      "releaseDate": "2023-01-18",
      "cdInfoPageUrl": "https://shinycolors.lantis.jp/releaseinfo/laca-9946_7/",
      "jacketUrl": "https://shinycolors.lantis.jp/X9pa5jNY/wp-content/uploads/2022/10/LACA-9946_7.jpg",
      "limited": false,
      "series": "WING COLLECTION",
      "artist": "シャイニーカラーズ"
    }
  ]
}
